******************************************************************************
                  TI ARM Linker Unix v18.1.1                   
******************************************************************************
>> Linked Fri May  4 14:43:35 2018

OUTPUT FILE NAME:   <Trab_0003_MotorButtonsAndDisplay.out>
ENTRY POINT SYMBOL: "_c_int00_noargs"  address: 00000775


MEMORY CONFIGURATION

         name            origin    length      used     unused   attr    fill
----------------------  --------  ---------  --------  --------  ----  --------
  FLASH                 00000000   00040000  0000081a  0003f7e6  R  X
  SRAM                  20000000   00008000  00000224  00007ddc  RW X


SEGMENT ALLOCATION MAP

run origin  load origin   length   init length attrs members
----------  ----------- ---------- ----------- ----- -------
00000000    00000000    00000820   00000820    r-x
  00000000    00000000    0000026c   0000026c    r-- .intvecs
  0000026c    0000026c    00000576   00000576    r-x .text
  000007e8    000007e8    00000038   00000038    r-- .cinit
20000000    20000000    00000224   00000000    rw-
  20000000    20000000    00000200   00000000    rw- .stack
  20000200    20000200    00000020   00000000    rw- .data
  20000220    20000220    00000004   00000000    rw- .bss


SECTION ALLOCATION MAP

 output                                  attributes/
section   page    origin      length       input sections
--------  ----  ----------  ----------   ----------------
.intvecs   0    00000000    0000026c     
                  00000000    0000026c     tm4c123gh6pm_startup_ccs.obj (.intvecs)

.text      0    0000026c    00000576     
                  0000026c    00000380     main.obj (.text)
                  000005ec    0000009c     rtsv7M4_T_le_v4SPD16_eabi.lib : memcpy_t2.asm.obj (.text)
                  00000688    00000068                                   : copy_decompress_lzss.c.obj (.text:decompress:lzss:__TI_decompress_lzss)
                  000006f0    00000044                                   : autoinit.c.obj (.text:__TI_auto_init_nobinit_nopinit:__TI_auto_init_nobinit_nopinit)
                  00000734    00000040                                   : u_divt2.asm.obj (.text)
                  00000774    00000038                                   : boot_cortex_m.c.obj (.text:_c_int00_noargs:_c_int00_noargs)
                  000007ac    00000012                                   : copy_zero_init.c.obj (.text:decompress:ZI:__TI_zero_init_nomemset:__TI_zero_init_nomemset)
                  000007be    0000000e                                   : copy_decompress_none.c.obj (.text:decompress:none:__TI_decompress_none)
                  000007cc    0000000c     tm4c123gh6pm_startup_ccs.obj (.text)
                  000007d8    00000004     rtsv7M4_T_le_v4SPD16_eabi.lib : pre_init.c.obj (.text:_system_pre_init)
                  000007dc    00000004                                   : exit.c.obj (.text:abort:abort)
                  000007e0    00000002                                   : div0.asm.obj (.text)

.cinit     0    000007e8    00000038     
                  000007e8    00000011     (.cinit..data.load) [load image, compression = lzss]
                  000007f9    00000003     --HOLE-- [fill = 0]
                  000007fc    0000000c     (__TI_handler_table)
                  00000808    00000008     (.cinit..bss.load) [load image, compression = zero_init]
                  00000810    00000010     (__TI_cinit_table)

.init_array 
*          0    00000000    00000000     UNINITIALIZED

.data      0    20000200    00000020     UNINITIALIZED
                  20000200    00000020     main.obj (.data)

.bss       0    20000220    00000004     UNINITIALIZED
                  20000220    00000004     (.common:motorValue)

.stack     0    20000000    00000200     UNINITIALIZED
                  20000000    00000004     rtsv7M4_T_le_v4SPD16_eabi.lib : boot_cortex_m.c.obj (.stack)
                  20000004    000001fc     --HOLE--

MODULE SUMMARY

       Module                         code   ro data   rw data
       ------                         ----   -------   -------
    ./
       main.obj                       896    0         36     
       tm4c123gh6pm_startup_ccs.obj   12     620       0      
    +--+------------------------------+------+---------+---------+
       Total:                         908    620       36     
                                                              
    /Applications/ti/ccsv8/tools/compiler/ti-cgt-arm_18.1.1.LTS/lib/rtsv7M4_T_le_v4SPD16_eabi.lib
       memcpy_t2.asm.obj              156    0         0      
       copy_decompress_lzss.c.obj     104    0         0      
       autoinit.c.obj                 68     0         0      
       u_divt2.asm.obj                64     0         0      
       boot_cortex_m.c.obj            56     0         0      
       copy_zero_init.c.obj           18     0         0      
       copy_decompress_none.c.obj     14     0         0      
       exit.c.obj                     4      0         0      
       pre_init.c.obj                 4      0         0      
       div0.asm.obj                   2      0         0      
    +--+------------------------------+------+---------+---------+
       Total:                         490    0         0      
                                                              
       Stack:                         0      0         512    
       Linker Generated:              0      53        0      
    +--+------------------------------+------+---------+---------+
       Grand Total:                   1398   673       548    


LINKER GENERATED COPY TABLES

__TI_cinit_table @ 00000810 records: 2, size/record: 8, table size: 16
	.data: load addr=000007e8, load size=00000011 bytes, run addr=20000200, run size=00000020 bytes, compression=lzss
	.bss: load addr=00000808, load size=00000008 bytes, run addr=20000220, run size=00000004 bytes, compression=zero_init


LINKER GENERATED HANDLER TABLE

__TI_handler_table @ 000007fc records: 3, size/record: 4, table size: 12
	index: 0, handler: __TI_decompress_lzss
	index: 1, handler: __TI_decompress_none
	index: 2, handler: __TI_zero_init


GLOBAL SYMBOLS: SORTED ALPHABETICALLY BY Name 

address   name                          
-------   ----                          
000007dd  C$$EXIT                       
000007cd  ResetISR                      
20000200  __STACK_END                   
00000200  __STACK_SIZE                  
20000200  __STACK_TOP                   
00000810  __TI_CINIT_Base               
00000820  __TI_CINIT_Limit              
000007fc  __TI_Handler_Table_Base       
00000808  __TI_Handler_Table_Limit      
000006f1  __TI_auto_init_nobinit_nopinit
00000689  __TI_decompress_lzss          
000007bf  __TI_decompress_none          
ffffffff  __TI_pprof_out_hndl           
ffffffff  __TI_prof_data_size           
ffffffff  __TI_prof_data_start          
00000000  __TI_static_base__            
000007ad  __TI_zero_init_nomemset       
000007e1  __aeabi_idiv0                 
000007e1  __aeabi_ldiv0                 
000005ed  __aeabi_memcpy                
000005ed  __aeabi_memcpy4               
000005ed  __aeabi_memcpy8               
00000735  __aeabi_uidiv                 
00000735  __aeabi_uidivmod              
ffffffff  __binit__                     
ffffffff  __c_args__                    
UNDEFED   __mpu_init                    
20000000  __stack                       
00000775  _c_int00_noargs               
UNDEFED   _system_post_cinit            
000007d9  _system_pre_init              
000007dd  abort                         
ffffffff  binit                         
2000020c  btn1                          
20000210  btn2                          
000003bf  checkButtons                  
20000204  delay                         
20000214  fixBug                        
00000000  g_pfnVectors                  
000002fb  getDisplayValue               
000004ed  main                          
000005ed  memcpy                        
2000021c  motorDirection                
20000218  motorSwitch                   
20000220  motorValue                    
20000208  pwmPercentage                 
0000037f  showDisplay1                  
0000038f  showDisplay2                  
20000200  time                          
0000026d  timerInterrupt                


GLOBAL SYMBOLS: SORTED BY Symbol Address 

address   name                          
-------   ----                          
00000000  __TI_static_base__            
00000000  g_pfnVectors                  
00000200  __STACK_SIZE                  
0000026d  timerInterrupt                
000002fb  getDisplayValue               
0000037f  showDisplay1                  
0000038f  showDisplay2                  
000003bf  checkButtons                  
000004ed  main                          
000005ed  __aeabi_memcpy                
000005ed  __aeabi_memcpy4               
000005ed  __aeabi_memcpy8               
000005ed  memcpy                        
00000689  __TI_decompress_lzss          
000006f1  __TI_auto_init_nobinit_nopinit
00000735  __aeabi_uidiv                 
00000735  __aeabi_uidivmod              
00000775  _c_int00_noargs               
000007ad  __TI_zero_init_nomemset       
000007bf  __TI_decompress_none          
000007cd  ResetISR                      
000007d9  _system_pre_init              
000007dd  C$$EXIT                       
000007dd  abort                         
000007e1  __aeabi_idiv0                 
000007e1  __aeabi_ldiv0                 
000007fc  __TI_Handler_Table_Base       
00000808  __TI_Handler_Table_Limit      
00000810  __TI_CINIT_Base               
00000820  __TI_CINIT_Limit              
20000000  __stack                       
20000200  __STACK_END                   
20000200  __STACK_TOP                   
20000200  time                          
20000204  delay                         
20000208  pwmPercentage                 
2000020c  btn1                          
20000210  btn2                          
20000214  fixBug                        
20000218  motorSwitch                   
2000021c  motorDirection                
20000220  motorValue                    
ffffffff  __TI_pprof_out_hndl           
ffffffff  __TI_prof_data_size           
ffffffff  __TI_prof_data_start          
ffffffff  __binit__                     
ffffffff  __c_args__                    
ffffffff  binit                         
UNDEFED   __mpu_init                    
UNDEFED   _system_post_cinit            

[50 symbols]
